=== new run ===
Assignment_4_test_cases/test5o.txt failed

=== new run ===
Passed with Flying Colors!
